#! /usr/bin/vvp
:ivl_version "12.0 (stable)";
:ivl_delay_selection "TYPICAL";
:vpi_time_precision - 12;
:vpi_module "/usr/lib/x86_64-linux-gnu/ivl/system.vpi";
:vpi_module "/usr/lib/x86_64-linux-gnu/ivl/vhdl_sys.vpi";
:vpi_module "/usr/lib/x86_64-linux-gnu/ivl/vhdl_textio.vpi";
:vpi_module "/usr/lib/x86_64-linux-gnu/ivl/v2005_math.vpi";
:vpi_module "/usr/lib/x86_64-linux-gnu/ivl/va_math.vpi";
:vpi_module "/usr/lib/x86_64-linux-gnu/ivl/v2009.vpi";
S_0x5a60277d7990 .scope package, "$unit" "$unit" 2 1;
 .timescale 0 0;
S_0x5a60277aa490 .scope module, "alu_tb" "alu_tb" 3 8;
 .timescale -9 -12;
P_0x5a60277eeb80 .param/l "WIDTH" 0 3 13, +C4<00000000000000000000000000100000>;
v0x5a6027812990_0 .var "A", 31 0;
v0x5a6027812a70_0 .var "B", 31 0;
v0x5a6027812b10_0 .var "alu_control_i", 3 0;
v0x5a6027812be0_0 .net "alu_result_o", 31 0, v0x5a60278122e0_0;  1 drivers
v0x5a6027812cb0_0 .net "carry_flag_o", 0 0, v0x5a6027812410_0;  1 drivers
v0x5a6027812da0_0 .net "neg_flag_o", 0 0, L_0x5a6027813010;  1 drivers
v0x5a6027812e70_0 .net "v_flag_o", 0 0, v0x5a6027812710_0;  1 drivers
v0x5a6027812f40_0 .net "zero_flag_o", 0 0, L_0x5a60278131c0;  1 drivers
S_0x5a60277aa620 .scope module, "DUT" "alu" 3 30, 4 17 0, S_0x5a60277aa490;
 .timescale -9 -12;
    .port_info 0 /INPUT 4 "alu_control_i";
    .port_info 1 /INPUT 32 "A";
    .port_info 2 /INPUT 32 "B";
    .port_info 3 /OUTPUT 32 "alu_result_o";
    .port_info 4 /OUTPUT 1 "neg_flag_o";
    .port_info 5 /OUTPUT 1 "zero_flag_o";
    .port_info 6 /OUTPUT 1 "carry_flag_o";
    .port_info 7 /OUTPUT 1 "v_flag_o";
P_0x5a60277aa800 .param/l "WIDTH" 0 4 18, +C4<00000000000000000000000000100000>;
L_0x5a6027813150 .functor NOT 32, v0x5a60278122e0_0, C4<00000000000000000000000000000000>, C4<00000000000000000000000000000000>, C4<00000000000000000000000000000000>;
v0x5a60277ec7f0_0 .net "A", 31 0, v0x5a6027812990_0;  1 drivers
v0x5a6027812060_0 .net "B", 31 0, v0x5a6027812a70_0;  1 drivers
v0x5a6027812140_0 .net *"_ivl_2", 31 0, L_0x5a6027813150;  1 drivers
v0x5a6027812200_0 .net "alu_control_i", 3 0, v0x5a6027812b10_0;  1 drivers
v0x5a60278122e0_0 .var "alu_result_o", 31 0;
v0x5a6027812410_0 .var "carry_flag_o", 0 0;
v0x5a60278124d0_0 .var "carry_out", 0 0;
v0x5a6027812590_0 .net "neg_flag_o", 0 0, L_0x5a6027813010;  alias, 1 drivers
v0x5a6027812650_0 .var "v_control", 0 0;
v0x5a6027812710_0 .var "v_flag_o", 0 0;
v0x5a60278127d0_0 .net "zero_flag_o", 0 0, L_0x5a60278131c0;  alias, 1 drivers
E_0x5a60277eefa0/0 .event anyedge, v0x5a6027812200_0, v0x5a60277ec7f0_0, v0x5a6027812060_0, v0x5a6027812200_0;
E_0x5a60277eefa0/1 .event anyedge, v0x5a60277ec7f0_0, v0x5a6027812060_0, v0x5a60278122e0_0, v0x5a6027812200_0;
E_0x5a60277eefa0 .event/or E_0x5a60277eefa0/0, E_0x5a60277eefa0/1;
L_0x5a6027813010 .part v0x5a60278122e0_0, 31, 1;
L_0x5a60278131c0 .reduce/and L_0x5a6027813150;
    .scope S_0x5a60277aa620;
T_0 ;
Ewait_0 .event/or E_0x5a60277eefa0, E_0x0;
    %wait Ewait_0;
    %pushi/vec4 0, 0, 1;
    %store/vec4 v0x5a60278124d0_0, 0, 1;
    %load/vec4 v0x5a6027812200_0;
    %dup/vec4;
    %pushi/vec4 8, 0, 4;
    %cmp/u;
    %jmp/1 T_0.0, 6;
    %dup/vec4;
    %pushi/vec4 9, 0, 4;
    %cmp/u;
    %jmp/1 T_0.1, 6;
    %dup/vec4;
    %pushi/vec4 2, 0, 4;
    %cmp/u;
    %jmp/1 T_0.2, 6;
    %dup/vec4;
    %pushi/vec4 3, 0, 4;
    %cmp/u;
    %jmp/1 T_0.3, 6;
    %dup/vec4;
    %pushi/vec4 4, 0, 4;
    %cmp/u;
    %jmp/1 T_0.4, 6;
    %dup/vec4;
    %pushi/vec4 7, 0, 4;
    %cmp/u;
    %jmp/1 T_0.5, 6;
    %dup/vec4;
    %pushi/vec4 0, 0, 4;
    %cmp/u;
    %jmp/1 T_0.6, 6;
    %dup/vec4;
    %pushi/vec4 1, 0, 4;
    %cmp/u;
    %jmp/1 T_0.7, 6;
    %dup/vec4;
    %pushi/vec4 5, 0, 4;
    %cmp/u;
    %jmp/1 T_0.8, 6;
    %dup/vec4;
    %pushi/vec4 6, 0, 4;
    %cmp/u;
    %jmp/1 T_0.9, 6;
    %pushi/vec4 4294967295, 4294967295, 32;
    %store/vec4 v0x5a60278122e0_0, 0, 32;
    %jmp T_0.11;
T_0.0 ;
    %load/vec4 v0x5a60277ec7f0_0;
    %pad/u 33;
    %load/vec4 v0x5a6027812060_0;
    %pad/u 33;
    %add;
    %split/vec4 32;
    %store/vec4 v0x5a60278122e0_0, 0, 32;
    %store/vec4 v0x5a60278124d0_0, 0, 1;
    %jmp T_0.11;
T_0.1 ;
    %load/vec4 v0x5a60277ec7f0_0;
    %pad/u 33;
    %load/vec4 v0x5a6027812060_0;
    %pad/u 33;
    %sub;
    %split/vec4 32;
    %store/vec4 v0x5a60278122e0_0, 0, 32;
    %store/vec4 v0x5a60278124d0_0, 0, 1;
    %jmp T_0.11;
T_0.2 ;
    %load/vec4 v0x5a60277ec7f0_0;
    %load/vec4 v0x5a6027812060_0;
    %and;
    %store/vec4 v0x5a60278122e0_0, 0, 32;
    %jmp T_0.11;
T_0.3 ;
    %load/vec4 v0x5a60277ec7f0_0;
    %load/vec4 v0x5a6027812060_0;
    %or;
    %store/vec4 v0x5a60278122e0_0, 0, 32;
    %jmp T_0.11;
T_0.4 ;
    %load/vec4 v0x5a60277ec7f0_0;
    %load/vec4 v0x5a6027812060_0;
    %xor;
    %store/vec4 v0x5a60278122e0_0, 0, 32;
    %jmp T_0.11;
T_0.5 ;
    %load/vec4 v0x5a60277ec7f0_0;
    %ix/getv 4, v0x5a6027812060_0;
    %shiftl 4;
    %store/vec4 v0x5a60278122e0_0, 0, 32;
    %jmp T_0.11;
T_0.6 ;
    %load/vec4 v0x5a60277ec7f0_0;
    %ix/getv 4, v0x5a6027812060_0;
    %shiftr 4;
    %store/vec4 v0x5a60278122e0_0, 0, 32;
    %jmp T_0.11;
T_0.7 ;
    %load/vec4 v0x5a60277ec7f0_0;
    %ix/getv 4, v0x5a6027812060_0;
    %shiftr/s 4;
    %store/vec4 v0x5a60278122e0_0, 0, 32;
    %jmp T_0.11;
T_0.8 ;
    %load/vec4 v0x5a60277ec7f0_0;
    %load/vec4 v0x5a6027812060_0;
    %sub;
    %store/vec4 v0x5a60278122e0_0, 0, 32;
    %load/vec4 v0x5a6027812200_0;
    %parti/s 1, 0, 2;
    %load/vec4 v0x5a60277ec7f0_0;
    %parti/s 1, 31, 6;
    %xor;
    %load/vec4 v0x5a6027812060_0;
    %parti/s 1, 31, 6;
    %xor;
    %inv;
    %load/vec4 v0x5a60277ec7f0_0;
    %parti/s 1, 31, 6;
    %load/vec4 v0x5a60278122e0_0;
    %parti/s 1, 31, 6;
    %xor;
    %and;
    %store/vec4 v0x5a6027812650_0, 0, 1;
    %load/vec4 v0x5a6027812650_0;
    %load/vec4 v0x5a60278122e0_0;
    %parti/s 1, 31, 6;
    %xor;
    %flag_set/vec4 8;
    %jmp/0xz  T_0.12, 8;
    %pushi/vec4 1, 0, 32;
    %store/vec4 v0x5a60278122e0_0, 0, 32;
    %jmp T_0.13;
T_0.12 ;
    %pushi/vec4 0, 0, 32;
    %store/vec4 v0x5a60278122e0_0, 0, 32;
T_0.13 ;
    %jmp T_0.11;
T_0.9 ;
    %load/vec4 v0x5a60277ec7f0_0;
    %load/vec4 v0x5a6027812060_0;
    %cmp/u;
    %jmp/0xz  T_0.14, 5;
    %pushi/vec4 1, 0, 32;
    %store/vec4 v0x5a60278122e0_0, 0, 32;
    %jmp T_0.15;
T_0.14 ;
    %pushi/vec4 0, 0, 32;
    %store/vec4 v0x5a60278122e0_0, 0, 32;
T_0.15 ;
    %jmp T_0.11;
T_0.11 ;
    %pop/vec4 1;
    %load/vec4 v0x5a6027812200_0;
    %parti/s 1, 3, 3;
    %cmpi/e 1, 0, 1;
    %jmp/0xz  T_0.16, 4;
    %load/vec4 v0x5a6027812200_0;
    %parti/s 1, 0, 2;
    %flag_set/vec4 8;
    %jmp/0 T_0.18, 8;
    %load/vec4 v0x5a60278124d0_0;
    %inv;
    %jmp/1 T_0.19, 8;
T_0.18 ; End of true expr.
    %load/vec4 v0x5a60278124d0_0;
    %jmp/0 T_0.19, 8;
 ; End of false expr.
    %blend;
T_0.19;
    %store/vec4 v0x5a6027812410_0, 0, 1;
    %load/vec4 v0x5a6027812200_0;
    %parti/s 1, 0, 2;
    %load/vec4 v0x5a60277ec7f0_0;
    %parti/s 1, 31, 6;
    %xor;
    %load/vec4 v0x5a6027812060_0;
    %parti/s 1, 31, 6;
    %xor;
    %inv;
    %load/vec4 v0x5a60277ec7f0_0;
    %parti/s 1, 31, 6;
    %load/vec4 v0x5a60278122e0_0;
    %parti/s 1, 31, 6;
    %xor;
    %and;
    %store/vec4 v0x5a6027812710_0, 0, 1;
    %jmp T_0.17;
T_0.16 ;
    %pushi/vec4 0, 0, 1;
    %store/vec4 v0x5a6027812410_0, 0, 1;
    %pushi/vec4 0, 0, 1;
    %store/vec4 v0x5a6027812710_0, 0, 1;
T_0.17 ;
    %jmp T_0;
    .thread T_0, $push;
    .scope S_0x5a60277aa490;
T_1 ;
    %vpi_call/w 3 46 "$display", "Time | A         B         OP   RESULT      N Z C V" {0 0 0};
    %pushi/vec4 5, 0, 32;
    %store/vec4 v0x5a6027812990_0, 0, 32;
    %pushi/vec4 3, 0, 32;
    %store/vec4 v0x5a6027812a70_0, 0, 32;
    %pushi/vec4 8, 0, 4;
    %store/vec4 v0x5a6027812b10_0, 0, 4;
    %delay 5000, 0;
    %vpi_call/w 3 55 "$display", "%0t | %h %h ADD  %h %b %b %b %b", $time, v0x5a6027812990_0, v0x5a6027812a70_0, v0x5a6027812be0_0, v0x5a6027812da0_0, v0x5a6027812f40_0, v0x5a6027812cb0_0, v0x5a6027812e70_0 {0 0 0};
    %pushi/vec4 10, 0, 32;
    %store/vec4 v0x5a6027812990_0, 0, 32;
    %pushi/vec4 3, 0, 32;
    %store/vec4 v0x5a6027812a70_0, 0, 32;
    %pushi/vec4 9, 0, 4;
    %store/vec4 v0x5a6027812b10_0, 0, 4;
    %delay 5000, 0;
    %vpi_call/w 3 65 "$display", "%0t | %h %h SUB  %h %b %b %b %b", $time, v0x5a6027812990_0, v0x5a6027812a70_0, v0x5a6027812be0_0, v0x5a6027812da0_0, v0x5a6027812f40_0, v0x5a6027812cb0_0, v0x5a6027812e70_0 {0 0 0};
    %pushi/vec4 3, 0, 32;
    %store/vec4 v0x5a6027812990_0, 0, 32;
    %pushi/vec4 10, 0, 32;
    %store/vec4 v0x5a6027812a70_0, 0, 32;
    %pushi/vec4 9, 0, 4;
    %store/vec4 v0x5a6027812b10_0, 0, 4;
    %delay 5000, 0;
    %vpi_call/w 3 75 "$display", "%0t | %h %h SUB  %h %b %b %b %b", $time, v0x5a6027812990_0, v0x5a6027812a70_0, v0x5a6027812be0_0, v0x5a6027812da0_0, v0x5a6027812f40_0, v0x5a6027812cb0_0, v0x5a6027812e70_0 {0 0 0};
    %pushi/vec4 4042322160, 0, 32;
    %store/vec4 v0x5a6027812990_0, 0, 32;
    %pushi/vec4 252645135, 0, 32;
    %store/vec4 v0x5a6027812a70_0, 0, 32;
    %pushi/vec4 2, 0, 4;
    %store/vec4 v0x5a6027812b10_0, 0, 4;
    %delay 5000, 0;
    %vpi_call/w 3 85 "$display", "%0t | %h %h AND  %h %b %b %b %b", $time, v0x5a6027812990_0, v0x5a6027812a70_0, v0x5a6027812be0_0, v0x5a6027812da0_0, v0x5a6027812f40_0, v0x5a6027812cb0_0, v0x5a6027812e70_0 {0 0 0};
    %pushi/vec4 4042322160, 0, 32;
    %store/vec4 v0x5a6027812990_0, 0, 32;
    %pushi/vec4 252645135, 0, 32;
    %store/vec4 v0x5a6027812a70_0, 0, 32;
    %pushi/vec4 3, 0, 4;
    %store/vec4 v0x5a6027812b10_0, 0, 4;
    %delay 5000, 0;
    %vpi_call/w 3 95 "$display", "%0t | %h %h OR   %h %b %b %b %b", $time, v0x5a6027812990_0, v0x5a6027812a70_0, v0x5a6027812be0_0, v0x5a6027812da0_0, v0x5a6027812f40_0, v0x5a6027812cb0_0, v0x5a6027812e70_0 {0 0 0};
    %pushi/vec4 2863311530, 0, 32;
    %store/vec4 v0x5a6027812990_0, 0, 32;
    %pushi/vec4 1431655765, 0, 32;
    %store/vec4 v0x5a6027812a70_0, 0, 32;
    %pushi/vec4 4, 0, 4;
    %store/vec4 v0x5a6027812b10_0, 0, 4;
    %delay 5000, 0;
    %vpi_call/w 3 105 "$display", "%0t | %h %h XOR  %h %b %b %b %b", $time, v0x5a6027812990_0, v0x5a6027812a70_0, v0x5a6027812be0_0, v0x5a6027812da0_0, v0x5a6027812f40_0, v0x5a6027812cb0_0, v0x5a6027812e70_0 {0 0 0};
    %pushi/vec4 4294967295, 0, 32;
    %store/vec4 v0x5a6027812990_0, 0, 32;
    %pushi/vec4 1, 0, 32;
    %store/vec4 v0x5a6027812a70_0, 0, 32;
    %pushi/vec4 5, 0, 4;
    %store/vec4 v0x5a6027812b10_0, 0, 4;
    %delay 5000, 0;
    %vpi_call/w 3 115 "$display", "%0t | %h %h SLT  %h %b %b %b %b", $time, v0x5a6027812990_0, v0x5a6027812a70_0, v0x5a6027812be0_0, v0x5a6027812da0_0, v0x5a6027812f40_0, v0x5a6027812cb0_0, v0x5a6027812e70_0 {0 0 0};
    %pushi/vec4 4294967295, 0, 32;
    %store/vec4 v0x5a6027812990_0, 0, 32;
    %pushi/vec4 1, 0, 32;
    %store/vec4 v0x5a6027812a70_0, 0, 32;
    %pushi/vec4 6, 0, 4;
    %store/vec4 v0x5a6027812b10_0, 0, 4;
    %delay 5000, 0;
    %vpi_call/w 3 125 "$display", "%0t | %h %h SLTU %h %b %b %b %b", $time, v0x5a6027812990_0, v0x5a6027812a70_0, v0x5a6027812be0_0, v0x5a6027812da0_0, v0x5a6027812f40_0, v0x5a6027812cb0_0, v0x5a6027812e70_0 {0 0 0};
    %vpi_call/w 3 129 "$finish" {0 0 0};
    %end;
    .thread T_1;
# The file index is used to find the file name in the following table.
:file_names 5;
    "N/A";
    "<interactive>";
    "-";
    "alu_tb.sv";
    "../alu.sv";
