#-----------------------------------------------------------
# Vivado v2025.2 (64-bit)
# SW Build 6299465 on Fri Nov 14 12:34:56 MST 2025
# IP Build 6300035 on Fri Nov 14 10:48:45 MST 2025
# SharedData Build 6298862 on Thu Nov 13 04:50:51 MST 2025
# Start of session at: Tue Mar  3 23:59:41 2026
# Process ID         : 142388
# Current directory  : /home/operation-locked-in/Documents/riscv-pipelined-cpu/risc_top/pipelined_riscv_core/data_path/(1)fetch_stage
# Command line       : vivado -mode tcl
# Log file           : /home/operation-locked-in/Documents/riscv-pipelined-cpu/risc_top/pipelined_riscv_core/data_path/(1)fetch_stage/vivado.log
# Journal file       : /home/operation-locked-in/Documents/riscv-pipelined-cpu/risc_top/pipelined_riscv_core/data_path/(1)fetch_stage/vivado.jou
# Running On         : linux-daemon
# Platform           : Ubuntu
# Operating System   : Ubuntu 24.04.1 LTS
# Processor Detail   : Intel(R) Pentium(R) CPU 5405U @ 2.30GHz
# CPU Frequency      : 2300.061 MHz
# CPU Physical cores : 2
# CPU Logical cores  : 4
# Host memory        : 8202 MB
# Swap memory        : 4294 MB
# Total Virtual      : 12497 MB
# Available Virtual  : 10533 MB
#-----------------------------------------------------------
xelab fetch_tb -s sim
xsim sim -runall
run -all
