#-----------------------------------------------------------
# Vivado v2025.2 (64-bit)
# SW Build 6299465 on Fri Nov 14 12:34:56 MST 2025
# IP Build 6300035 on Fri Nov 14 10:48:45 MST 2025
# SharedData Build 6298862 on Thu Nov 13 04:50:51 MST 2025
# Start of session at: Tue Mar  3 23:56:51 2026
# Process ID         : 141431
# Current directory  : /home/operation-locked-in/Documents/riscv-pipelined-cpu/risc_top/pipelined_riscv_core/data_path/(1)fetch_stage
# Command line       : vivado -mode tcl
# Log file           : /home/operation-locked-in/Documents/riscv-pipelined-cpu/risc_top/pipelined_riscv_core/data_path/(1)fetch_stage/vivado.log
# Journal file       : /home/operation-locked-in/Documents/riscv-pipelined-cpu/risc_top/pipelined_riscv_core/data_path/(1)fetch_stage/vivado.jou
# Running On         : linux-daemon
# Platform           : Ubuntu
# Operating System   : Ubuntu 24.04.1 LTS
# Processor Detail   : Intel(R) Pentium(R) CPU 5405U @ 2.30GHz
# CPU Frequency      : 2300.003 MHz
# CPU Physical cores : 2
# CPU Logical cores  : 4
# Host memory        : 8202 MB
# Swap memory        : 4294 MB
# Total Virtual      : 12497 MB
# Available Virtual  : 10559 MB
#-----------------------------------------------------------
xvlog fetch_stage.sv ./tb/fetch_tb.sv -i ../../../../common/ -sv ../../../../common/flop.sv ../../../../common/adder.sv
WARNING: [Common 17-259] Unknown Tcl command 'xvlog fetch_stage.sv ./tb/fetch_tb.sv -i ../../../../common/ -sv ../../../../common/flop.sv ../../../../common/adder.sv' sending command to the OS shell for execution. It is recommended to use 'exec' to send the command to the OS shell.
xelab fetch_stage_tb -s sim
WARNING: [Common 17-259] Unknown Tcl command 'xelab fetch_stage_tb -s sim' sending command to the OS shell for execution. It is recommended to use 'exec' to send the command to the OS shell.
child process exited abnormally
xsim sim -runall
WARNING: [Common 17-259] Unknown Tcl command 'xsim sim -runall' sending command to the OS shell for execution. It is recommended to use 'exec' to send the command to the OS shell.
ERROR: [Simtcl 6-30] Unable to locate simulation image at 'xsim.dir/sim/xsimk'
xelab fetch_tb -s sim
WARNING: [Common 17-259] Unknown Tcl command 'xelab fetch_tb -s sim' sending command to the OS shell for execution. It is recommended to use 'exec' to send the command to the OS shell.
xsim sim -runall
Time resolution is 1 ps
run -all
TXN: src=1 stall=0 ex_t=ecfee471 ex_p4=279edcac pred=fd8feff5
Error: Mismatch! Model=fd8feff5 DUT=00000000
Time: 25 ns  Iteration: 0  Process: /$unit_fetch_stage_sv_3849080006/fetch_scoreboard::run  Scope: $unit_fetch_stage_sv_3849080006.fetch_scoreboard::run  File: /home/operation-locked-in/Documents/riscv-pipelined-cpu/risc_top/pipelined_riscv_core/data_path/(1)fetch_stage/tb/fetch_scoreboard.sv Line: 34
TXN: src=2 stall=1 ex_t=f286b3f0 ex_p4=05c42e14 pred=d7a60194
Error: Mismatch! Model=fd8feff5 DUT=00000000
Time: 35 ns  Iteration: 0  Process: /$unit_fetch_stage_sv_3849080006/fetch_scoreboard::run  Scope: $unit_fetch_stage_sv_3849080006.fetch_scoreboard::run  File: /home/operation-locked-in/Documents/riscv-pipelined-cpu/risc_top/pipelined_riscv_core/data_path/(1)fetch_stage/tb/fetch_scoreboard.sv Line: 34
TXN: src=0 stall=0 ex_t=1f228ab2 ex_p4=8874ddf9 pred=d4002219
Error: Mismatch! Model=fd8feff9 DUT=fd8feff5
Time: 45 ns  Iteration: 0  Process: /$unit_fetch_stage_sv_3849080006/fetch_scoreboard::run  Scope: $unit_fetch_stage_sv_3849080006.fetch_scoreboard::run  File: /home/operation-locked-in/Documents/riscv-pipelined-cpu/risc_top/pipelined_riscv_core/data_path/(1)fetch_stage/tb/fetch_scoreboard.sv Line: 34
TXN: src=0 stall=0 ex_t=0f18e557 ex_p4=c7d02e00 pred=01201b9f
Error: Mismatch! Model=fd8feffd DUT=fd8feff5
Time: 55 ns  Iteration: 0  Process: /$unit_fetch_stage_sv_3849080006/fetch_scoreboard::run  Scope: $unit_fetch_stage_sv_3849080006.fetch_scoreboard::run  File: /home/operation-locked-in/Documents/riscv-pipelined-cpu/risc_top/pipelined_riscv_core/data_path/(1)fetch_stage/tb/fetch_scoreboard.sv Line: 34
TXN: src=0 stall=1 ex_t=fbaba080 ex_p4=f3d7c5f1 pred=e55f94f8
Error: Mismatch! Model=fd8feffd DUT=fd8feff9
Time: 65 ns  Iteration: 0  Process: /$unit_fetch_stage_sv_3849080006/fetch_scoreboard::run  Scope: $unit_fetch_stage_sv_3849080006.fetch_scoreboard::run  File: /home/operation-locked-in/Documents/riscv-pipelined-cpu/risc_top/pipelined_riscv_core/data_path/(1)fetch_stage/tb/fetch_scoreboard.sv Line: 34
TXN: src=0 stall=1 ex_t=ed39880f ex_p4=c92d2ece pred=cefc5be7
PASS: PC=fd8feffd
TXN: src=3 stall=1 ex_t=c5b4f0f1 ex_p4=e07d42f8 pred=b1e09bb0
PASS: PC=fd8feffd
TXN: src=3 stall=0 ex_t=e8aa856b ex_p4=1b76a339 pred=e2ef859a
Error: Mismatch! Model=e8aa856b DUT=fd8feffd
Time: 95 ns  Iteration: 0  Process: /$unit_fetch_stage_sv_3849080006/fetch_scoreboard::run  Scope: $unit_fetch_stage_sv_3849080006.fetch_scoreboard::run  File: /home/operation-locked-in/Documents/riscv-pipelined-cpu/risc_top/pipelined_riscv_core/data_path/(1)fetch_stage/tb/fetch_scoreboard.sv Line: 34
TXN: src=2 stall=1 ex_t=8247e8f4 ex_p4=c66f9acb pred=af1ceeb4
Error: Mismatch! Model=e8aa856b DUT=fd8feffd
Time: 105 ns  Iteration: 0  Process: /$unit_fetch_stage_sv_3849080006/fetch_scoreboard::run  Scope: $unit_fetch_stage_sv_3849080006.fetch_scoreboard::run  File: /home/operation-locked-in/Documents/riscv-pipelined-cpu/risc_top/pipelined_riscv_core/data_path/(1)fetch_stage/tb/fetch_scoreboard.sv Line: 34
TXN: src=1 stall=0 ex_t=e4d77beb ex_p4=e8f22146 pred=c5e0be3a
Error: Mismatch! Model=c5e0be3a DUT=e8aa856b
Time: 115 ns  Iteration: 0  Process: /$unit_fetch_stage_sv_3849080006/fetch_scoreboard::run  Scope: $unit_fetch_stage_sv_3849080006.fetch_scoreboard::run  File: /home/operation-locked-in/Documents/riscv-pipelined-cpu/risc_top/pipelined_riscv_core/data_path/(1)fetch_stage/tb/fetch_scoreboard.sv Line: 34
TXN: src=1 stall=0 ex_t=1a4b17b1 ex_p4=dac50f25 pred=ec8a3293
Error: Mismatch! Model=ec8a3293 DUT=e8aa856b
Time: 125 ns  Iteration: 0  Process: /$unit_fetch_stage_sv_3849080006/fetch_scoreboard::run  Scope: $unit_fetch_stage_sv_3849080006.fetch_scoreboard::run  File: /home/operation-locked-in/Documents/riscv-pipelined-cpu/risc_top/pipelined_riscv_core/data_path/(1)fetch_stage/tb/fetch_scoreboard.sv Line: 34
TXN: src=2 stall=0 ex_t=fdf389e0 ex_p4=3a476146 pred=d47c844d
Error: Mismatch! Model=3a476146 DUT=c5e0be3a
Time: 135 ns  Iteration: 0  Process: /$unit_fetch_stage_sv_3849080006/fetch_scoreboard::run  Scope: $unit_fetch_stage_sv_3849080006.fetch_scoreboard::run  File: /home/operation-locked-in/Documents/riscv-pipelined-cpu/risc_top/pipelined_riscv_core/data_path/(1)fetch_stage/tb/fetch_scoreboard.sv Line: 34
TXN: src=0 stall=1 ex_t=b498b123 ex_p4=e99d8e2e pred=1d57ab9f
Error: Mismatch! Model=3a476146 DUT=ec8a3293
Time: 145 ns  Iteration: 0  Process: /$unit_fetch_stage_sv_3849080006/fetch_scoreboard::run  Scope: $unit_fetch_stage_sv_3849080006.fetch_scoreboard::run  File: /home/operation-locked-in/Documents/riscv-pipelined-cpu/risc_top/pipelined_riscv_core/data_path/(1)fetch_stage/tb/fetch_scoreboard.sv Line: 34
TXN: src=2 stall=0 ex_t=e00008ea ex_p4=3b425272 pred=de6aceb4
Error: Mismatch! Model=3b425272 DUT=3a476146
Time: 155 ns  Iteration: 0  Process: /$unit_fetch_stage_sv_3849080006/fetch_scoreboard::run  Scope: $unit_fetch_stage_sv_3849080006.fetch_scoreboard::run  File: /home/operation-locked-in/Documents/riscv-pipelined-cpu/risc_top/pipelined_riscv_core/data_path/(1)fetch_stage/tb/fetch_scoreboard.sv Line: 34
TXN: src=1 stall=0 ex_t=8925bc5a ex_p4=8d3c4289 pred=bfe69b60
Error: Mismatch! Model=bfe69b60 DUT=3a476146
Time: 165 ns  Iteration: 0  Process: /$unit_fetch_stage_sv_3849080006/fetch_scoreboard::run  Scope: $unit_fetch_stage_sv_3849080006.fetch_scoreboard::run  File: /home/operation-locked-in/Documents/riscv-pipelined-cpu/risc_top/pipelined_riscv_core/data_path/(1)fetch_stage/tb/fetch_scoreboard.sv Line: 34
TXN: src=2 stall=1 ex_t=f6e09a6a ex_p4=f00d2958 pred=0c749acb
Error: Mismatch! Model=bfe69b60 DUT=3b425272
Time: 175 ns  Iteration: 0  Process: /$unit_fetch_stage_sv_3849080006/fetch_scoreboard::run  Scope: $unit_fetch_stage_sv_3849080006.fetch_scoreboard::run  File: /home/operation-locked-in/Documents/riscv-pipelined-cpu/risc_top/pipelined_riscv_core/data_path/(1)fetch_stage/tb/fetch_scoreboard.sv Line: 34
TXN: src=3 stall=0 ex_t=e75f3203 ex_p4=dbb2b1cf pred=ecc61e80
Error: Mismatch! Model=e75f3203 DUT=bfe69b60
Time: 185 ns  Iteration: 0  Process: /$unit_fetch_stage_sv_3849080006/fetch_scoreboard::run  Scope: $unit_fetch_stage_sv_3849080006.fetch_scoreboard::run  File: /home/operation-locked-in/Documents/riscv-pipelined-cpu/risc_top/pipelined_riscv_core/data_path/(1)fetch_stage/tb/fetch_scoreboard.sv Line: 34
TXN: src=2 stall=1 ex_t=a370d45d ex_p4=280151fe pred=2c70ce67
Error: Mismatch! Model=e75f3203 DUT=bfe69b60
Time: 195 ns  Iteration: 0  Process: /$unit_fetch_stage_sv_3849080006/fetch_scoreboard::run  Scope: $unit_fetch_stage_sv_3849080006.fetch_scoreboard::run  File: /home/operation-locked-in/Documents/riscv-pipelined-cpu/risc_top/pipelined_riscv_core/data_path/(1)fetch_stage/tb/fetch_scoreboard.sv Line: 34
TXN: src=0 stall=0 ex_t=b4d4249e ex_p4=aa548aed pred=e0f11f7b
Error: Mismatch! Model=e75f3207 DUT=e75f3203
Time: 205 ns  Iteration: 0  Process: /$unit_fetch_stage_sv_3849080006/fetch_scoreboard::run  Scope: $unit_fetch_stage_sv_3849080006.fetch_scoreboard::run  File: /home/operation-locked-in/Documents/riscv-pipelined-cpu/risc_top/pipelined_riscv_core/data_path/(1)fetch_stage/tb/fetch_scoreboard.sv Line: 34
$finish called at time : 215 ns : File "/home/operation-locked-in/Documents/riscv-pipelined-cpu/risc_top/pipelined_riscv_core/data_path/(1)fetch_stage/tb/fetch_tb.sv" Line 69
exit
INFO: xsimkernel Simulation Memory Usage: 279660 KB (Peak: 336224 KB), Simulation CPU Usage: 2110 ms
INFO: [Common 17-206] Exiting Vivado at Tue Mar  3 23:57:57 2026...
