#! /usr/bin/vvp
:ivl_version "12.0 (stable)";
:ivl_delay_selection "TYPICAL";
:vpi_time_precision - 12;
:vpi_module "/usr/lib/x86_64-linux-gnu/ivl/system.vpi";
:vpi_module "/usr/lib/x86_64-linux-gnu/ivl/vhdl_sys.vpi";
:vpi_module "/usr/lib/x86_64-linux-gnu/ivl/vhdl_textio.vpi";
:vpi_module "/usr/lib/x86_64-linux-gnu/ivl/v2005_math.vpi";
:vpi_module "/usr/lib/x86_64-linux-gnu/ivl/va_math.vpi";
:vpi_module "/usr/lib/x86_64-linux-gnu/ivl/v2009.vpi";
S_0x590532a1fc10 .scope package, "$unit" "$unit" 2 1;
 .timescale 0 0;
S_0x590532a1fda0 .scope module, "fetch_tb" "fetch_tb" 3 124;
 .timescale -9 -12;
v0x590532a469c0_0 .net "clk_i", 0 0, v0x590532a462e0_0;  1 drivers
v0x590532a46a80_0 .net "pc_fi_o", 31 0, v0x590532a44610_0;  1 drivers
v0x590532a46b40_0 .net "pc_plus4_ex_i", 31 0, v0x590532a46430_0;  1 drivers
v0x590532a46c70_0 .net "pc_plus4_fi_o", 31 0, L_0x590532a473a0;  1 drivers
v0x590532a46d30_0 .net "pc_src_i", 1 0, v0x590532a464f0_0;  1 drivers
v0x590532a46e80_0 .net "pc_target_ex_i", 31 0, v0x590532a46590_0;  1 drivers
v0x590532a46fd0_0 .net "pred_pc_target_fi_i", 31 0, v0x590532a46650_0;  1 drivers
v0x590532a47120_0 .net "reset_i", 0 0, v0x590532a46710_0;  1 drivers
v0x590532a471c0_0 .net "stall_fi_i", 0 0, v0x590532a46840_0;  1 drivers
S_0x590532a175c0 .scope module, "check" "fetch_stage_checker" 3 152, 3 87 0, S_0x590532a1fda0;
 .timescale -9 -12;
    .port_info 0 /INPUT 1 "clk_i";
    .port_info 1 /INPUT 1 "reset_i";
    .port_info 2 /INPUT 2 "pc_src_i";
    .port_info 3 /INPUT 1 "stall_fi_i";
    .port_info 4 /INPUT 32 "pc_target_ex_i";
    .port_info 5 /INPUT 32 "pc_plus4_ex_i";
    .port_info 6 /INPUT 32 "pred_pc_target_fi_i";
    .port_info 7 /INPUT 32 "pc_fi_o";
v0x590532a05a00_0 .net "clk_i", 0 0, v0x590532a462e0_0;  alias, 1 drivers
v0x590532a05d70_0 .var "expected_pc", 31 0;
v0x590532a060a0_0 .net "pc_fi_o", 31 0, v0x590532a44610_0;  alias, 1 drivers
v0x590532a063d0_0 .net "pc_plus4_ex_i", 31 0, v0x590532a46430_0;  alias, 1 drivers
v0x590532a06820_0 .net "pc_src_i", 1 0, v0x590532a464f0_0;  alias, 1 drivers
v0x590532a0b060_0 .net "pc_target_ex_i", 31 0, v0x590532a46590_0;  alias, 1 drivers
v0x590532a07560_0 .net "pred_pc_target_fi_i", 31 0, v0x590532a46650_0;  alias, 1 drivers
v0x590532a436a0_0 .net "reset_i", 0 0, v0x590532a46710_0;  alias, 1 drivers
v0x590532a43760_0 .net "stall_fi_i", 0 0, v0x590532a46840_0;  alias, 1 drivers
E_0x590532a24b30 .event posedge, v0x590532a05a00_0;
S_0x590532a43920 .scope module, "dut" "fetch_stage" 3 138, 4 16 0, S_0x590532a1fda0;
 .timescale -9 -12;
    .port_info 0 /INPUT 1 "clk_i";
    .port_info 1 /INPUT 1 "reset_i";
    .port_info 2 /INPUT 2 "pc_src_i";
    .port_info 3 /INPUT 1 "stall_fi_i";
    .port_info 4 /INPUT 32 "pc_target_ex_i";
    .port_info 5 /INPUT 32 "pc_plus4_ex_i";
    .port_info 6 /INPUT 32 "pred_pc_target_fi_i";
    .port_info 7 /OUTPUT 32 "pc_fi_o";
    .port_info 8 /OUTPUT 32 "pc_plus4_fi_o";
L_0x590532a05860 .functor NOT 1, v0x590532a46840_0, C4<0>, C4<0>, C4<0>;
v0x590532a44a10_0 .net "clk_i", 0 0, v0x590532a462e0_0;  alias, 1 drivers
v0x590532a44b20_0 .net "pc_fi_o", 31 0, v0x590532a44610_0;  alias, 1 drivers
v0x590532a44be0_0 .var "pc_next_fi", 31 0;
v0x590532a44c80_0 .net "pc_plus4_ex_i", 31 0, v0x590532a46430_0;  alias, 1 drivers
v0x590532a44d50_0 .net "pc_plus4_fi_o", 31 0, L_0x590532a473a0;  alias, 1 drivers
v0x590532a44e40_0 .net "pc_src_i", 1 0, v0x590532a464f0_0;  alias, 1 drivers
v0x590532a44f10_0 .net "pc_target_ex_i", 31 0, v0x590532a46590_0;  alias, 1 drivers
v0x590532a44fe0_0 .net "pred_pc_target_fi_i", 31 0, v0x590532a46650_0;  alias, 1 drivers
v0x590532a450b0_0 .net "reset_i", 0 0, v0x590532a46710_0;  alias, 1 drivers
v0x590532a45150_0 .net "stall_fi_i", 0 0, v0x590532a46840_0;  alias, 1 drivers
E_0x590532a24ef0/0 .event anyedge, v0x590532a06820_0, v0x590532a44170_0, v0x590532a07560_0, v0x590532a063d0_0;
E_0x590532a24ef0/1 .event anyedge, v0x590532a0b060_0;
E_0x590532a24ef0 .event/or E_0x590532a24ef0/0, E_0x590532a24ef0/1;
S_0x590532a43c30 .scope module, "u_adder_pc_plus4" "adder" 4 62, 5 15 0, S_0x590532a43920;
 .timescale -9 -12;
    .port_info 0 /INPUT 32 "a";
    .port_info 1 /INPUT 32 "b";
    .port_info 2 /OUTPUT 32 "y";
P_0x590532a43e30 .param/l "WIDTH" 0 5 16, +C4<00000000000000000000000000100000>;
v0x590532a43fd0_0 .net "a", 31 0, v0x590532a44610_0;  alias, 1 drivers
L_0x7e2f198ce018 .functor BUFT 1, C4<00000000000000000000000000000100>, C4<0>, C4<0>, C4<0>;
v0x590532a440b0_0 .net "b", 31 0, L_0x7e2f198ce018;  1 drivers
v0x590532a44170_0 .net "y", 31 0, L_0x590532a473a0;  alias, 1 drivers
L_0x590532a473a0 .arith/sum 32, v0x590532a44610_0, L_0x7e2f198ce018;
S_0x590532a442b0 .scope module, "u_pc_reg" "flop" 4 49, 6 14 0, S_0x590532a43920;
 .timescale -9 -12;
    .port_info 0 /INPUT 1 "clk_i";
    .port_info 1 /INPUT 1 "en";
    .port_info 2 /INPUT 1 "reset";
    .port_info 3 /INPUT 32 "D";
    .port_info 4 /OUTPUT 32 "Q";
P_0x590532a44490 .param/l "WIDTH" 0 6 15, +C4<00000000000000000000000000100000>;
v0x590532a44530_0 .net "D", 31 0, v0x590532a44be0_0;  1 drivers
v0x590532a44610_0 .var "Q", 31 0;
v0x590532a44720_0 .net "clk_i", 0 0, v0x590532a462e0_0;  alias, 1 drivers
v0x590532a447f0_0 .net "en", 0 0, L_0x590532a05860;  1 drivers
v0x590532a44890_0 .net "reset", 0 0, v0x590532a46710_0;  alias, 1 drivers
S_0x590532a45320 .scope module, "mon" "fetch_stage_monitor" 3 150, 3 67 0, S_0x590532a1fda0;
 .timescale -9 -12;
    .port_info 0 /INPUT 1 "clk_i";
    .port_info 1 /INPUT 1 "reset_i";
    .port_info 2 /INPUT 2 "pc_src_i";
    .port_info 3 /INPUT 1 "stall_fi_i";
    .port_info 4 /INPUT 32 "pc_target_ex_i";
    .port_info 5 /INPUT 32 "pc_plus4_ex_i";
    .port_info 6 /INPUT 32 "pred_pc_target_fi_i";
    .port_info 7 /INPUT 32 "pc_fi_o";
    .port_info 8 /INPUT 32 "pc_plus4_fi_o";
v0x590532a45610_0 .net "clk_i", 0 0, v0x590532a462e0_0;  alias, 1 drivers
v0x590532a456b0_0 .net "pc_fi_o", 31 0, v0x590532a44610_0;  alias, 1 drivers
v0x590532a45800_0 .net "pc_plus4_ex_i", 31 0, v0x590532a46430_0;  alias, 1 drivers
v0x590532a458d0_0 .net "pc_plus4_fi_o", 31 0, L_0x590532a473a0;  alias, 1 drivers
v0x590532a459e0_0 .net "pc_src_i", 1 0, v0x590532a464f0_0;  alias, 1 drivers
v0x590532a45b40_0 .net "pc_target_ex_i", 31 0, v0x590532a46590_0;  alias, 1 drivers
v0x590532a45c50_0 .net "pred_pc_target_fi_i", 31 0, v0x590532a46650_0;  alias, 1 drivers
v0x590532a45d60_0 .net "reset_i", 0 0, v0x590532a46710_0;  alias, 1 drivers
v0x590532a45e00_0 .net "stall_fi_i", 0 0, v0x590532a46840_0;  alias, 1 drivers
S_0x590532a460a0 .scope module, "stim" "fetch_stage_stimulus" 3 136, 3 12 0, S_0x590532a1fda0;
 .timescale -9 -12;
    .port_info 0 /OUTPUT 1 "clk_i";
    .port_info 1 /OUTPUT 1 "reset_i";
    .port_info 2 /OUTPUT 2 "pc_src_i";
    .port_info 3 /OUTPUT 1 "stall_fi_i";
    .port_info 4 /OUTPUT 32 "pc_target_ex_i";
    .port_info 5 /OUTPUT 32 "pc_plus4_ex_i";
    .port_info 6 /OUTPUT 32 "pred_pc_target_fi_i";
v0x590532a462e0_0 .var "clk_i", 0 0;
v0x590532a46430_0 .var "pc_plus4_ex_i", 31 0;
v0x590532a464f0_0 .var "pc_src_i", 1 0;
v0x590532a46590_0 .var "pc_target_ex_i", 31 0;
v0x590532a46650_0 .var "pred_pc_target_fi_i", 31 0;
v0x590532a46710_0 .var "reset_i", 0 0;
v0x590532a46840_0 .var "stall_fi_i", 0 0;
    .scope S_0x590532a460a0;
T_0 ;
    %pushi/vec4 0, 0, 1;
    %store/vec4 v0x590532a462e0_0, 0, 1;
    %end;
    .thread T_0;
    .scope S_0x590532a460a0;
T_1 ;
    %delay 10000, 0;
    %load/vec4 v0x590532a462e0_0;
    %inv;
    %store/vec4 v0x590532a462e0_0, 0, 1;
    %jmp T_1;
    .thread T_1;
    .scope S_0x590532a460a0;
T_2 ;
    %pushi/vec4 0, 0, 2;
    %store/vec4 v0x590532a464f0_0, 0, 2;
    %pushi/vec4 0, 0, 1;
    %store/vec4 v0x590532a46840_0, 0, 1;
    %pushi/vec4 2863267840, 0, 32;
    %store/vec4 v0x590532a46590_0, 0, 32;
    %pushi/vec4 3149594624, 0, 32;
    %store/vec4 v0x590532a46430_0, 0, 32;
    %pushi/vec4 3435921408, 0, 32;
    %store/vec4 v0x590532a46650_0, 0, 32;
    %pushi/vec4 1, 0, 1;
    %store/vec4 v0x590532a46710_0, 0, 1;
    %pushi/vec4 2, 0, 32;
T_2.0 %dup/vec4;
    %pushi/vec4 0, 0, 32;
    %cmp/s;
    %jmp/1xz T_2.1, 5;
    %jmp/1 T_2.1, 4;
    %pushi/vec4 1, 0, 32;
    %sub;
    %wait E_0x590532a24b30;
    %jmp T_2.0;
T_2.1 ;
    %pop/vec4 1;
    %pushi/vec4 0, 0, 1;
    %store/vec4 v0x590532a46710_0, 0, 1;
    %pushi/vec4 3, 0, 32;
T_2.2 %dup/vec4;
    %pushi/vec4 0, 0, 32;
    %cmp/s;
    %jmp/1xz T_2.3, 5;
    %jmp/1 T_2.3, 4;
    %pushi/vec4 1, 0, 32;
    %sub;
    %wait E_0x590532a24b30;
    %jmp T_2.2;
T_2.3 ;
    %pop/vec4 1;
    %pushi/vec4 1, 0, 2;
    %store/vec4 v0x590532a464f0_0, 0, 2;
    %wait E_0x590532a24b30;
    %pushi/vec4 2, 0, 2;
    %store/vec4 v0x590532a464f0_0, 0, 2;
    %wait E_0x590532a24b30;
    %pushi/vec4 3, 0, 2;
    %store/vec4 v0x590532a464f0_0, 0, 2;
    %wait E_0x590532a24b30;
    %pushi/vec4 0, 0, 2;
    %store/vec4 v0x590532a464f0_0, 0, 2;
    %pushi/vec4 1, 0, 1;
    %store/vec4 v0x590532a46840_0, 0, 1;
    %wait E_0x590532a24b30;
    %pushi/vec4 0, 0, 1;
    %store/vec4 v0x590532a46840_0, 0, 1;
    %delay 20000, 0;
    %vpi_call/w 3 61 "$finish" {0 0 0};
    %end;
    .thread T_2;
    .scope S_0x590532a442b0;
T_3 ;
    %wait E_0x590532a24b30;
    %load/vec4 v0x590532a44890_0;
    %flag_set/vec4 8;
    %jmp/0xz  T_3.0, 8;
    %pushi/vec4 0, 0, 32;
    %assign/vec4 v0x590532a44610_0, 0;
    %jmp T_3.1;
T_3.0 ;
    %load/vec4 v0x590532a447f0_0;
    %flag_set/vec4 8;
    %jmp/0xz  T_3.2, 8;
    %load/vec4 v0x590532a44530_0;
    %assign/vec4 v0x590532a44610_0, 0;
T_3.2 ;
T_3.1 ;
    %jmp T_3;
    .thread T_3;
    .scope S_0x590532a43920;
T_4 ;
Ewait_0 .event/or E_0x590532a24ef0, E_0x0;
    %wait Ewait_0;
    %load/vec4 v0x590532a44e40_0;
    %dup/vec4;
    %pushi/vec4 0, 0, 2;
    %cmp/u;
    %jmp/1 T_4.0, 6;
    %dup/vec4;
    %pushi/vec4 1, 0, 2;
    %cmp/u;
    %jmp/1 T_4.1, 6;
    %dup/vec4;
    %pushi/vec4 2, 0, 2;
    %cmp/u;
    %jmp/1 T_4.2, 6;
    %dup/vec4;
    %pushi/vec4 3, 0, 2;
    %cmp/u;
    %jmp/1 T_4.3, 6;
    %pushi/vec4 0, 0, 32;
    %store/vec4 v0x590532a44be0_0, 0, 32;
    %jmp T_4.5;
T_4.0 ;
    %load/vec4 v0x590532a44d50_0;
    %store/vec4 v0x590532a44be0_0, 0, 32;
    %jmp T_4.5;
T_4.1 ;
    %load/vec4 v0x590532a44fe0_0;
    %store/vec4 v0x590532a44be0_0, 0, 32;
    %jmp T_4.5;
T_4.2 ;
    %load/vec4 v0x590532a44c80_0;
    %store/vec4 v0x590532a44be0_0, 0, 32;
    %jmp T_4.5;
T_4.3 ;
    %load/vec4 v0x590532a44f10_0;
    %store/vec4 v0x590532a44be0_0, 0, 32;
    %jmp T_4.5;
T_4.5 ;
    %pop/vec4 1;
    %jmp T_4;
    .thread T_4, $push;
    .scope S_0x590532a45320;
T_5 ;
    %wait E_0x590532a24b30;
    %vpi_call/w 3 80 "$display", "[MONITOR] t=%0t | src=%0d stall=%0d | pc=%h pc+4=%h", $time, v0x590532a459e0_0, v0x590532a45e00_0, v0x590532a456b0_0, v0x590532a458d0_0 {0 0 0};
    %jmp T_5;
    .thread T_5;
    .scope S_0x590532a175c0;
T_6 ;
    %wait E_0x590532a24b30;
    %load/vec4 v0x590532a436a0_0;
    %flag_set/vec4 8;
    %jmp/0xz  T_6.0, 8;
    %pushi/vec4 0, 0, 32;
    %assign/vec4 v0x590532a05d70_0, 0;
    %jmp T_6.1;
T_6.0 ;
    %load/vec4 v0x590532a43760_0;
    %nor/r;
    %flag_set/vec4 8;
    %jmp/0xz  T_6.2, 8;
    %load/vec4 v0x590532a06820_0;
    %dup/vec4;
    %pushi/vec4 0, 0, 2;
    %cmp/u;
    %jmp/1 T_6.4, 6;
    %dup/vec4;
    %pushi/vec4 1, 0, 2;
    %cmp/u;
    %jmp/1 T_6.5, 6;
    %dup/vec4;
    %pushi/vec4 2, 0, 2;
    %cmp/u;
    %jmp/1 T_6.6, 6;
    %dup/vec4;
    %pushi/vec4 3, 0, 2;
    %cmp/u;
    %jmp/1 T_6.7, 6;
    %jmp T_6.8;
T_6.4 ;
    %load/vec4 v0x590532a05d70_0;
    %addi 4, 0, 32;
    %assign/vec4 v0x590532a05d70_0, 0;
    %jmp T_6.8;
T_6.5 ;
    %load/vec4 v0x590532a07560_0;
    %assign/vec4 v0x590532a05d70_0, 0;
    %jmp T_6.8;
T_6.6 ;
    %load/vec4 v0x590532a063d0_0;
    %assign/vec4 v0x590532a05d70_0, 0;
    %jmp T_6.8;
T_6.7 ;
    %load/vec4 v0x590532a0b060_0;
    %assign/vec4 v0x590532a05d70_0, 0;
    %jmp T_6.8;
T_6.8 ;
    %pop/vec4 1;
T_6.2 ;
T_6.1 ;
    %load/vec4 v0x590532a436a0_0;
    %nor/r;
    %flag_set/vec4 8;
    %jmp/0xz  T_6.9, 8;
    %load/vec4 v0x590532a060a0_0;
    %load/vec4 v0x590532a05d70_0;
    %cmp/ne;
    %jmp/0xz  T_6.11, 6;
    %vpi_call/w 3 116 "$display", "\342\235\214 ERROR @ %0t | expected=%h got=%h", $time, v0x590532a05d70_0, v0x590532a060a0_0 {0 0 0};
    %vpi_call/w 3 118 "$fatal" {0 0 0};
T_6.11 ;
T_6.9 ;
    %jmp T_6;
    .thread T_6;
    .scope S_0x590532a1fda0;
T_7 ;
    %vpi_call/w 3 155 "$dumpfile", "fetch_tb_modular.vcd" {0 0 0};
    %vpi_call/w 3 156 "$dumpvars", 32'sb00000000000000000000000000000000, S_0x590532a1fda0 {0 0 0};
    %vpi_call/w 3 157 "$dumpvars", 32'sb00000000000000000000000000000001, S_0x590532a43920 {0 0 0};
    %end;
    .thread T_7;
# The file index is used to find the file name in the following table.
:file_names 7;
    "N/A";
    "<interactive>";
    "-";
    "./modular/fetch_tb_modular.sv";
    "../fetch_stage.sv";
    "../../../../../common/adder.sv";
    "../../../../../common/flop.sv";
