#! /usr/bin/vvp
:ivl_version "12.0 (stable)";
:ivl_delay_selection "TYPICAL";
:vpi_time_precision - 12;
:vpi_module "/usr/lib/x86_64-linux-gnu/ivl/system.vpi";
:vpi_module "/usr/lib/x86_64-linux-gnu/ivl/vhdl_sys.vpi";
:vpi_module "/usr/lib/x86_64-linux-gnu/ivl/vhdl_textio.vpi";
:vpi_module "/usr/lib/x86_64-linux-gnu/ivl/v2005_math.vpi";
:vpi_module "/usr/lib/x86_64-linux-gnu/ivl/va_math.vpi";
:vpi_module "/usr/lib/x86_64-linux-gnu/ivl/v2009.vpi";
S_0x616578777990 .scope package, "$unit" "$unit" 2 1;
 .timescale 0 0;
S_0x61657874a490 .scope module, "alu_tb" "alu_tb" 3 4;
 .timescale -9 -12;
P_0x61657878eba0 .param/l "WIDTH" 0 3 9, +C4<00000000000000000000000000100000>;
v0x6165787b29d0_0 .var "A", 31 0;
v0x6165787b2ab0_0 .var "B", 31 0;
v0x6165787b2b50_0 .var "alu_control_i", 3 0;
v0x6165787b2c20_0 .net "alu_result_o", 31 0, v0x6165787b2320_0;  1 drivers
v0x6165787b2cf0_0 .net "carry_flag_o", 0 0, v0x6165787b2450_0;  1 drivers
v0x6165787b2de0_0 .net "neg_flag_o", 0 0, L_0x6165787b3050;  1 drivers
v0x6165787b2eb0_0 .net "v_flag_o", 0 0, v0x6165787b2750_0;  1 drivers
v0x6165787b2f80_0 .net "zero_flag_o", 0 0, L_0x6165787b3200;  1 drivers
S_0x61657874a620 .scope module, "DUT" "alu" 3 26, 4 17 0, S_0x61657874a490;
 .timescale -9 -12;
    .port_info 0 /INPUT 4 "alu_control_i";
    .port_info 1 /INPUT 32 "A";
    .port_info 2 /INPUT 32 "B";
    .port_info 3 /OUTPUT 32 "alu_result_o";
    .port_info 4 /OUTPUT 1 "neg_flag_o";
    .port_info 5 /OUTPUT 1 "zero_flag_o";
    .port_info 6 /OUTPUT 1 "carry_flag_o";
    .port_info 7 /OUTPUT 1 "v_flag_o";
P_0x61657874a800 .param/l "WIDTH" 0 4 18, +C4<00000000000000000000000000100000>;
L_0x6165787b3190 .functor NOT 32, v0x6165787b2320_0, C4<00000000000000000000000000000000>, C4<00000000000000000000000000000000>, C4<00000000000000000000000000000000>;
v0x61657878c7d0_0 .net "A", 31 0, v0x6165787b29d0_0;  1 drivers
v0x6165787b20a0_0 .net "B", 31 0, v0x6165787b2ab0_0;  1 drivers
v0x6165787b2180_0 .net *"_ivl_2", 31 0, L_0x6165787b3190;  1 drivers
v0x6165787b2240_0 .net "alu_control_i", 3 0, v0x6165787b2b50_0;  1 drivers
v0x6165787b2320_0 .var "alu_result_o", 31 0;
v0x6165787b2450_0 .var "carry_flag_o", 0 0;
v0x6165787b2510_0 .var "carry_out", 0 0;
v0x6165787b25d0_0 .net "neg_flag_o", 0 0, L_0x6165787b3050;  alias, 1 drivers
v0x6165787b2690_0 .var "v_control", 0 0;
v0x6165787b2750_0 .var "v_flag_o", 0 0;
v0x6165787b2810_0 .net "zero_flag_o", 0 0, L_0x6165787b3200;  alias, 1 drivers
E_0x61657878efc0/0 .event anyedge, v0x6165787b2240_0, v0x61657878c7d0_0, v0x6165787b20a0_0, v0x6165787b2240_0;
E_0x61657878efc0/1 .event anyedge, v0x61657878c7d0_0, v0x6165787b20a0_0, v0x6165787b2320_0, v0x6165787b2240_0;
E_0x61657878efc0 .event/or E_0x61657878efc0/0, E_0x61657878efc0/1;
L_0x6165787b3050 .part v0x6165787b2320_0, 31, 1;
L_0x6165787b3200 .reduce/and L_0x6165787b3190;
    .scope S_0x61657874a620;
T_0 ;
Ewait_0 .event/or E_0x61657878efc0, E_0x0;
    %wait Ewait_0;
    %pushi/vec4 0, 0, 1;
    %store/vec4 v0x6165787b2510_0, 0, 1;
    %load/vec4 v0x6165787b2240_0;
    %dup/vec4;
    %pushi/vec4 8, 0, 4;
    %cmp/u;
    %jmp/1 T_0.0, 6;
    %dup/vec4;
    %pushi/vec4 9, 0, 4;
    %cmp/u;
    %jmp/1 T_0.1, 6;
    %dup/vec4;
    %pushi/vec4 2, 0, 4;
    %cmp/u;
    %jmp/1 T_0.2, 6;
    %dup/vec4;
    %pushi/vec4 3, 0, 4;
    %cmp/u;
    %jmp/1 T_0.3, 6;
    %dup/vec4;
    %pushi/vec4 4, 0, 4;
    %cmp/u;
    %jmp/1 T_0.4, 6;
    %dup/vec4;
    %pushi/vec4 7, 0, 4;
    %cmp/u;
    %jmp/1 T_0.5, 6;
    %dup/vec4;
    %pushi/vec4 0, 0, 4;
    %cmp/u;
    %jmp/1 T_0.6, 6;
    %dup/vec4;
    %pushi/vec4 1, 0, 4;
    %cmp/u;
    %jmp/1 T_0.7, 6;
    %dup/vec4;
    %pushi/vec4 5, 0, 4;
    %cmp/u;
    %jmp/1 T_0.8, 6;
    %dup/vec4;
    %pushi/vec4 6, 0, 4;
    %cmp/u;
    %jmp/1 T_0.9, 6;
    %pushi/vec4 4294967295, 4294967295, 32;
    %store/vec4 v0x6165787b2320_0, 0, 32;
    %jmp T_0.11;
T_0.0 ;
    %load/vec4 v0x61657878c7d0_0;
    %pad/u 33;
    %load/vec4 v0x6165787b20a0_0;
    %pad/u 33;
    %add;
    %split/vec4 32;
    %store/vec4 v0x6165787b2320_0, 0, 32;
    %store/vec4 v0x6165787b2510_0, 0, 1;
    %jmp T_0.11;
T_0.1 ;
    %load/vec4 v0x61657878c7d0_0;
    %pad/u 33;
    %load/vec4 v0x6165787b20a0_0;
    %pad/u 33;
    %sub;
    %split/vec4 32;
    %store/vec4 v0x6165787b2320_0, 0, 32;
    %store/vec4 v0x6165787b2510_0, 0, 1;
    %jmp T_0.11;
T_0.2 ;
    %load/vec4 v0x61657878c7d0_0;
    %load/vec4 v0x6165787b20a0_0;
    %and;
    %store/vec4 v0x6165787b2320_0, 0, 32;
    %jmp T_0.11;
T_0.3 ;
    %load/vec4 v0x61657878c7d0_0;
    %load/vec4 v0x6165787b20a0_0;
    %or;
    %store/vec4 v0x6165787b2320_0, 0, 32;
    %jmp T_0.11;
T_0.4 ;
    %load/vec4 v0x61657878c7d0_0;
    %load/vec4 v0x6165787b20a0_0;
    %xor;
    %store/vec4 v0x6165787b2320_0, 0, 32;
    %jmp T_0.11;
T_0.5 ;
    %load/vec4 v0x61657878c7d0_0;
    %ix/getv 4, v0x6165787b20a0_0;
    %shiftl 4;
    %store/vec4 v0x6165787b2320_0, 0, 32;
    %jmp T_0.11;
T_0.6 ;
    %load/vec4 v0x61657878c7d0_0;
    %ix/getv 4, v0x6165787b20a0_0;
    %shiftr 4;
    %store/vec4 v0x6165787b2320_0, 0, 32;
    %jmp T_0.11;
T_0.7 ;
    %load/vec4 v0x61657878c7d0_0;
    %ix/getv 4, v0x6165787b20a0_0;
    %shiftr/s 4;
    %store/vec4 v0x6165787b2320_0, 0, 32;
    %jmp T_0.11;
T_0.8 ;
    %load/vec4 v0x61657878c7d0_0;
    %load/vec4 v0x6165787b20a0_0;
    %sub;
    %store/vec4 v0x6165787b2320_0, 0, 32;
    %load/vec4 v0x6165787b2240_0;
    %parti/s 1, 0, 2;
    %load/vec4 v0x61657878c7d0_0;
    %parti/s 1, 31, 6;
    %xor;
    %load/vec4 v0x6165787b20a0_0;
    %parti/s 1, 31, 6;
    %xor;
    %inv;
    %load/vec4 v0x61657878c7d0_0;
    %parti/s 1, 31, 6;
    %load/vec4 v0x6165787b2320_0;
    %parti/s 1, 31, 6;
    %xor;
    %and;
    %store/vec4 v0x6165787b2690_0, 0, 1;
    %load/vec4 v0x6165787b2690_0;
    %load/vec4 v0x6165787b2320_0;
    %parti/s 1, 31, 6;
    %xor;
    %flag_set/vec4 8;
    %jmp/0xz  T_0.12, 8;
    %pushi/vec4 1, 0, 32;
    %store/vec4 v0x6165787b2320_0, 0, 32;
    %jmp T_0.13;
T_0.12 ;
    %pushi/vec4 0, 0, 32;
    %store/vec4 v0x6165787b2320_0, 0, 32;
T_0.13 ;
    %jmp T_0.11;
T_0.9 ;
    %load/vec4 v0x61657878c7d0_0;
    %load/vec4 v0x6165787b20a0_0;
    %cmp/u;
    %jmp/0xz  T_0.14, 5;
    %pushi/vec4 1, 0, 32;
    %store/vec4 v0x6165787b2320_0, 0, 32;
    %jmp T_0.15;
T_0.14 ;
    %pushi/vec4 0, 0, 32;
    %store/vec4 v0x6165787b2320_0, 0, 32;
T_0.15 ;
    %jmp T_0.11;
T_0.11 ;
    %pop/vec4 1;
    %load/vec4 v0x6165787b2240_0;
    %parti/s 1, 3, 3;
    %cmpi/e 1, 0, 1;
    %jmp/0xz  T_0.16, 4;
    %load/vec4 v0x6165787b2240_0;
    %parti/s 1, 0, 2;
    %flag_set/vec4 8;
    %jmp/0 T_0.18, 8;
    %load/vec4 v0x6165787b2510_0;
    %inv;
    %jmp/1 T_0.19, 8;
T_0.18 ; End of true expr.
    %load/vec4 v0x6165787b2510_0;
    %jmp/0 T_0.19, 8;
 ; End of false expr.
    %blend;
T_0.19;
    %store/vec4 v0x6165787b2450_0, 0, 1;
    %load/vec4 v0x6165787b2240_0;
    %parti/s 1, 0, 2;
    %load/vec4 v0x61657878c7d0_0;
    %parti/s 1, 31, 6;
    %xor;
    %load/vec4 v0x6165787b20a0_0;
    %parti/s 1, 31, 6;
    %xor;
    %inv;
    %load/vec4 v0x61657878c7d0_0;
    %parti/s 1, 31, 6;
    %load/vec4 v0x6165787b2320_0;
    %parti/s 1, 31, 6;
    %xor;
    %and;
    %store/vec4 v0x6165787b2750_0, 0, 1;
    %jmp T_0.17;
T_0.16 ;
    %pushi/vec4 0, 0, 1;
    %store/vec4 v0x6165787b2450_0, 0, 1;
    %pushi/vec4 0, 0, 1;
    %store/vec4 v0x6165787b2750_0, 0, 1;
T_0.17 ;
    %jmp T_0;
    .thread T_0, $push;
    .scope S_0x61657874a490;
T_1 ;
    %vpi_call/w 3 42 "$display", "Time | A         B         OP   RESULT      N Z C V" {0 0 0};
    %pushi/vec4 5, 0, 32;
    %store/vec4 v0x6165787b29d0_0, 0, 32;
    %pushi/vec4 3, 0, 32;
    %store/vec4 v0x6165787b2ab0_0, 0, 32;
    %pushi/vec4 8, 0, 4;
    %store/vec4 v0x6165787b2b50_0, 0, 4;
    %delay 5000, 0;
    %vpi_call/w 3 51 "$display", "%0t | %h %h ADD  %h %b %b %b %b", $time, v0x6165787b29d0_0, v0x6165787b2ab0_0, v0x6165787b2c20_0, v0x6165787b2de0_0, v0x6165787b2f80_0, v0x6165787b2cf0_0, v0x6165787b2eb0_0 {0 0 0};
    %pushi/vec4 10, 0, 32;
    %store/vec4 v0x6165787b29d0_0, 0, 32;
    %pushi/vec4 3, 0, 32;
    %store/vec4 v0x6165787b2ab0_0, 0, 32;
    %pushi/vec4 9, 0, 4;
    %store/vec4 v0x6165787b2b50_0, 0, 4;
    %delay 5000, 0;
    %vpi_call/w 3 61 "$display", "%0t | %h %h SUB  %h %b %b %b %b", $time, v0x6165787b29d0_0, v0x6165787b2ab0_0, v0x6165787b2c20_0, v0x6165787b2de0_0, v0x6165787b2f80_0, v0x6165787b2cf0_0, v0x6165787b2eb0_0 {0 0 0};
    %pushi/vec4 3, 0, 32;
    %store/vec4 v0x6165787b29d0_0, 0, 32;
    %pushi/vec4 10, 0, 32;
    %store/vec4 v0x6165787b2ab0_0, 0, 32;
    %pushi/vec4 9, 0, 4;
    %store/vec4 v0x6165787b2b50_0, 0, 4;
    %delay 5000, 0;
    %vpi_call/w 3 71 "$display", "%0t | %h %h SUB  %h %b %b %b %b", $time, v0x6165787b29d0_0, v0x6165787b2ab0_0, v0x6165787b2c20_0, v0x6165787b2de0_0, v0x6165787b2f80_0, v0x6165787b2cf0_0, v0x6165787b2eb0_0 {0 0 0};
    %pushi/vec4 4042322160, 0, 32;
    %store/vec4 v0x6165787b29d0_0, 0, 32;
    %pushi/vec4 252645135, 0, 32;
    %store/vec4 v0x6165787b2ab0_0, 0, 32;
    %pushi/vec4 2, 0, 4;
    %store/vec4 v0x6165787b2b50_0, 0, 4;
    %delay 5000, 0;
    %vpi_call/w 3 81 "$display", "%0t | %h %h AND  %h %b %b %b %b", $time, v0x6165787b29d0_0, v0x6165787b2ab0_0, v0x6165787b2c20_0, v0x6165787b2de0_0, v0x6165787b2f80_0, v0x6165787b2cf0_0, v0x6165787b2eb0_0 {0 0 0};
    %pushi/vec4 4042322160, 0, 32;
    %store/vec4 v0x6165787b29d0_0, 0, 32;
    %pushi/vec4 252645135, 0, 32;
    %store/vec4 v0x6165787b2ab0_0, 0, 32;
    %pushi/vec4 3, 0, 4;
    %store/vec4 v0x6165787b2b50_0, 0, 4;
    %delay 5000, 0;
    %vpi_call/w 3 91 "$display", "%0t | %h %h OR   %h %b %b %b %b", $time, v0x6165787b29d0_0, v0x6165787b2ab0_0, v0x6165787b2c20_0, v0x6165787b2de0_0, v0x6165787b2f80_0, v0x6165787b2cf0_0, v0x6165787b2eb0_0 {0 0 0};
    %pushi/vec4 2863311530, 0, 32;
    %store/vec4 v0x6165787b29d0_0, 0, 32;
    %pushi/vec4 1431655765, 0, 32;
    %store/vec4 v0x6165787b2ab0_0, 0, 32;
    %pushi/vec4 4, 0, 4;
    %store/vec4 v0x6165787b2b50_0, 0, 4;
    %delay 5000, 0;
    %vpi_call/w 3 101 "$display", "%0t | %h %h XOR  %h %b %b %b %b", $time, v0x6165787b29d0_0, v0x6165787b2ab0_0, v0x6165787b2c20_0, v0x6165787b2de0_0, v0x6165787b2f80_0, v0x6165787b2cf0_0, v0x6165787b2eb0_0 {0 0 0};
    %pushi/vec4 4294967295, 0, 32;
    %store/vec4 v0x6165787b29d0_0, 0, 32;
    %pushi/vec4 1, 0, 32;
    %store/vec4 v0x6165787b2ab0_0, 0, 32;
    %pushi/vec4 5, 0, 4;
    %store/vec4 v0x6165787b2b50_0, 0, 4;
    %delay 5000, 0;
    %vpi_call/w 3 111 "$display", "%0t | %h %h SLT  %h %b %b %b %b", $time, v0x6165787b29d0_0, v0x6165787b2ab0_0, v0x6165787b2c20_0, v0x6165787b2de0_0, v0x6165787b2f80_0, v0x6165787b2cf0_0, v0x6165787b2eb0_0 {0 0 0};
    %pushi/vec4 4294967295, 0, 32;
    %store/vec4 v0x6165787b29d0_0, 0, 32;
    %pushi/vec4 1, 0, 32;
    %store/vec4 v0x6165787b2ab0_0, 0, 32;
    %pushi/vec4 6, 0, 4;
    %store/vec4 v0x6165787b2b50_0, 0, 4;
    %delay 5000, 0;
    %vpi_call/w 3 121 "$display", "%0t | %h %h SLTU %h %b %b %b %b", $time, v0x6165787b29d0_0, v0x6165787b2ab0_0, v0x6165787b2c20_0, v0x6165787b2de0_0, v0x6165787b2f80_0, v0x6165787b2cf0_0, v0x6165787b2eb0_0 {0 0 0};
    %vpi_call/w 3 125 "$finish" {0 0 0};
    %end;
    .thread T_1;
# The file index is used to find the file name in the following table.
:file_names 5;
    "N/A";
    "<interactive>";
    "-";
    "alu_tb.sv";
    "alu.sv";
