#! /usr/bin/vvp
:ivl_version "12.0 (stable)";
:ivl_delay_selection "TYPICAL";
:vpi_time_precision - 12;
:vpi_module "/usr/lib/x86_64-linux-gnu/ivl/system.vpi";
:vpi_module "/usr/lib/x86_64-linux-gnu/ivl/vhdl_sys.vpi";
:vpi_module "/usr/lib/x86_64-linux-gnu/ivl/vhdl_textio.vpi";
:vpi_module "/usr/lib/x86_64-linux-gnu/ivl/v2005_math.vpi";
:vpi_module "/usr/lib/x86_64-linux-gnu/ivl/va_math.vpi";
:vpi_module "/usr/lib/x86_64-linux-gnu/ivl/v2009.vpi";
S_0x59b4c6d8e7b0 .scope package, "$unit" "$unit" 2 1;
 .timescale 0 0;
S_0x59b4c6d9dfd0 .scope module, "fetch_stage_tb" "fetch_stage_tb" 3 10;
 .timescale -9 -12;
v0x59b4c6dc0e30_0 .var "clk", 0 0;
v0x59b4c6dc0ef0_0 .var "expected_pc", 31 0;
v0x59b4c6dc0fd0_0 .net "pc_fi_o", 31 0, v0x59b4c6d8cd40_0;  1 drivers
v0x59b4c6dc1070_0 .var "pc_plus4_ex_i", 31 0;
v0x59b4c6dc1160_0 .net "pc_plus4_fi_o", 31 0, L_0x59b4c6dc1720;  1 drivers
v0x59b4c6dc12a0_0 .var "pc_src_i", 1 0;
v0x59b4c6dc1360_0 .var "pc_target_ex_i", 31 0;
v0x59b4c6dc1400_0 .var "pred_pc_target_fi_i", 31 0;
v0x59b4c6dc14d0_0 .var "reset_i", 0 0;
v0x59b4c6dc1600_0 .var "stall_fi_i", 0 0;
S_0x59b4c6d9e160 .scope autotask, "check_pc" "check_pc" 3 54, 3 54 0, S_0x59b4c6d9dfd0;
 .timescale -9 -12;
TD_fetch_stage_tb.check_pc ;
    %delay 1000, 0;
    %load/vec4 v0x59b4c6dc0fd0_0;
    %load/vec4 v0x59b4c6dc0ef0_0;
    %cmp/ne;
    %jmp/0xz  T_0.0, 6;
    %vpi_call/w 3 57 "$display", "\342\235\214 ERROR @ %0t | expected: %h | got: %h", $time, v0x59b4c6dc0ef0_0, v0x59b4c6dc0fd0_0 {0 0 0};
    %vpi_call/w 3 59 "$fatal" {0 0 0};
    %jmp T_0.1;
T_0.0 ;
    %vpi_call/w 3 62 "$display", "\342\234\205 PASS @ %0t | PC = %h", $time, v0x59b4c6dc0fd0_0 {0 0 0};
T_0.1 ;
    %end;
S_0x59b4c6d5c490 .scope module, "dut" "fetch_stage" 3 31, 4 16 0, S_0x59b4c6d9dfd0;
 .timescale -9 -12;
    .port_info 0 /INPUT 1 "clk_i";
    .port_info 1 /INPUT 1 "reset_i";
    .port_info 2 /INPUT 2 "pc_src_i";
    .port_info 3 /INPUT 1 "stall_fi_i";
    .port_info 4 /INPUT 32 "pc_target_ex_i";
    .port_info 5 /INPUT 32 "pc_plus4_ex_i";
    .port_info 6 /INPUT 32 "pred_pc_target_fi_i";
    .port_info 7 /OUTPUT 32 "pc_fi_o";
    .port_info 8 /OUTPUT 32 "pc_plus4_fi_o";
L_0x59b4c6d8b270 .functor NOT 1, v0x59b4c6dc1600_0, C4<0>, C4<0>, C4<0>;
v0x59b4c6dc04d0_0 .net "clk_i", 0 0, v0x59b4c6dc0e30_0;  1 drivers
v0x59b4c6dc0590_0 .net "pc_fi_o", 31 0, v0x59b4c6d8cd40_0;  alias, 1 drivers
v0x59b4c6dc0680_0 .var "pc_next_fi", 31 0;
v0x59b4c6dc0750_0 .net "pc_plus4_ex_i", 31 0, v0x59b4c6dc1070_0;  1 drivers
v0x59b4c6dc0810_0 .net "pc_plus4_fi_o", 31 0, L_0x59b4c6dc1720;  alias, 1 drivers
v0x59b4c6dc0920_0 .net "pc_src_i", 1 0, v0x59b4c6dc12a0_0;  1 drivers
v0x59b4c6dc09e0_0 .net "pc_target_ex_i", 31 0, v0x59b4c6dc1360_0;  1 drivers
v0x59b4c6dc0ac0_0 .net "pred_pc_target_fi_i", 31 0, v0x59b4c6dc1400_0;  1 drivers
v0x59b4c6dc0ba0_0 .net "reset_i", 0 0, v0x59b4c6dc14d0_0;  1 drivers
v0x59b4c6dc0c70_0 .net "stall_fi_i", 0 0, v0x59b4c6dc1600_0;  1 drivers
E_0x59b4c6da2f00/0 .event anyedge, v0x59b4c6dc0920_0, v0x59b4c6d8c310_0, v0x59b4c6dc0ac0_0, v0x59b4c6dc0750_0;
E_0x59b4c6da2f00/1 .event anyedge, v0x59b4c6dc09e0_0;
E_0x59b4c6da2f00 .event/or E_0x59b4c6da2f00/0, E_0x59b4c6da2f00/1;
S_0x59b4c6da4170 .scope module, "u_adder_pc_plus4" "adder" 4 62, 5 15 0, S_0x59b4c6d5c490;
 .timescale -9 -12;
    .port_info 0 /INPUT 32 "a";
    .port_info 1 /INPUT 32 "b";
    .port_info 2 /OUTPUT 32 "y";
P_0x59b4c6da4350 .param/l "WIDTH" 0 5 16, +C4<00000000000000000000000000100000>;
v0x59b4c6d8b410_0 .net "a", 31 0, v0x59b4c6d8cd40_0;  alias, 1 drivers
L_0x7df70126e018 .functor BUFT 1, C4<00000000000000000000000000000100>, C4<0>, C4<0>, C4<0>;
v0x59b4c6d8bdd0_0 .net "b", 31 0, L_0x7df70126e018;  1 drivers
v0x59b4c6d8c310_0 .net "y", 31 0, L_0x59b4c6dc1720;  alias, 1 drivers
L_0x59b4c6dc1720 .arith/sum 32, v0x59b4c6d8cd40_0, L_0x7df70126e018;
S_0x59b4c6dbff60 .scope module, "u_pc_reg" "flop" 4 49, 6 14 0, S_0x59b4c6d5c490;
 .timescale -9 -12;
    .port_info 0 /INPUT 1 "clk_i";
    .port_info 1 /INPUT 1 "en";
    .port_info 2 /INPUT 1 "reset";
    .port_info 3 /INPUT 32 "D";
    .port_info 4 /OUTPUT 32 "Q";
P_0x59b4c6dc0140 .param/l "WIDTH" 0 6 15, +C4<00000000000000000000000000100000>;
v0x59b4c6d8c810_0 .net "D", 31 0, v0x59b4c6dc0680_0;  1 drivers
v0x59b4c6d8cd40_0 .var "Q", 31 0;
v0x59b4c6d8d2a0_0 .net "clk_i", 0 0, v0x59b4c6dc0e30_0;  alias, 1 drivers
v0x59b4c6dc0280_0 .net "en", 0 0, L_0x59b4c6d8b270;  1 drivers
v0x59b4c6dc0320_0 .net "reset", 0 0, v0x59b4c6dc14d0_0;  alias, 1 drivers
E_0x59b4c6da32c0 .event posedge, v0x59b4c6d8d2a0_0;
    .scope S_0x59b4c6dbff60;
T_1 ;
    %wait E_0x59b4c6da32c0;
    %load/vec4 v0x59b4c6dc0320_0;
    %flag_set/vec4 8;
    %jmp/0xz  T_1.0, 8;
    %pushi/vec4 0, 0, 32;
    %assign/vec4 v0x59b4c6d8cd40_0, 0;
    %jmp T_1.1;
T_1.0 ;
    %load/vec4 v0x59b4c6dc0280_0;
    %flag_set/vec4 8;
    %jmp/0xz  T_1.2, 8;
    %load/vec4 v0x59b4c6d8c810_0;
    %assign/vec4 v0x59b4c6d8cd40_0, 0;
T_1.2 ;
T_1.1 ;
    %jmp T_1;
    .thread T_1;
    .scope S_0x59b4c6d5c490;
T_2 ;
Ewait_0 .event/or E_0x59b4c6da2f00, E_0x0;
    %wait Ewait_0;
    %load/vec4 v0x59b4c6dc0920_0;
    %dup/vec4;
    %pushi/vec4 0, 0, 2;
    %cmp/u;
    %jmp/1 T_2.0, 6;
    %dup/vec4;
    %pushi/vec4 1, 0, 2;
    %cmp/u;
    %jmp/1 T_2.1, 6;
    %dup/vec4;
    %pushi/vec4 2, 0, 2;
    %cmp/u;
    %jmp/1 T_2.2, 6;
    %dup/vec4;
    %pushi/vec4 3, 0, 2;
    %cmp/u;
    %jmp/1 T_2.3, 6;
    %pushi/vec4 0, 0, 32;
    %store/vec4 v0x59b4c6dc0680_0, 0, 32;
    %jmp T_2.5;
T_2.0 ;
    %load/vec4 v0x59b4c6dc0810_0;
    %store/vec4 v0x59b4c6dc0680_0, 0, 32;
    %jmp T_2.5;
T_2.1 ;
    %load/vec4 v0x59b4c6dc0ac0_0;
    %store/vec4 v0x59b4c6dc0680_0, 0, 32;
    %jmp T_2.5;
T_2.2 ;
    %load/vec4 v0x59b4c6dc0750_0;
    %store/vec4 v0x59b4c6dc0680_0, 0, 32;
    %jmp T_2.5;
T_2.3 ;
    %load/vec4 v0x59b4c6dc09e0_0;
    %store/vec4 v0x59b4c6dc0680_0, 0, 32;
    %jmp T_2.5;
T_2.5 ;
    %pop/vec4 1;
    %jmp T_2;
    .thread T_2, $push;
    .scope S_0x59b4c6d9dfd0;
T_3 ;
    %pushi/vec4 0, 0, 1;
    %store/vec4 v0x59b4c6dc0e30_0, 0, 1;
    %end;
    .thread T_3;
    .scope S_0x59b4c6d9dfd0;
T_4 ;
    %delay 5000, 0;
    %load/vec4 v0x59b4c6dc0e30_0;
    %inv;
    %store/vec4 v0x59b4c6dc0e30_0, 0, 1;
    %jmp T_4;
    .thread T_4;
    .scope S_0x59b4c6d9dfd0;
T_5 ;
    %vpi_call/w 3 71 "$display", "Starting fetch_stage test..." {0 0 0};
    %pushi/vec4 0, 0, 2;
    %store/vec4 v0x59b4c6dc12a0_0, 0, 2;
    %pushi/vec4 0, 0, 1;
    %store/vec4 v0x59b4c6dc1600_0, 0, 1;
    %pushi/vec4 2863267840, 0, 32;
    %store/vec4 v0x59b4c6dc1360_0, 0, 32;
    %pushi/vec4 3149594624, 0, 32;
    %store/vec4 v0x59b4c6dc1070_0, 0, 32;
    %pushi/vec4 3435921408, 0, 32;
    %store/vec4 v0x59b4c6dc1400_0, 0, 32;
    %pushi/vec4 1, 0, 1;
    %store/vec4 v0x59b4c6dc14d0_0, 0, 1;
    %pushi/vec4 2, 0, 32;
T_5.0 %dup/vec4;
    %pushi/vec4 0, 0, 32;
    %cmp/s;
    %jmp/1xz T_5.1, 5;
    %jmp/1 T_5.1, 4;
    %pushi/vec4 1, 0, 32;
    %sub;
    %wait E_0x59b4c6da32c0;
    %jmp T_5.0;
T_5.1 ;
    %pop/vec4 1;
    %pushi/vec4 0, 0, 1;
    %store/vec4 v0x59b4c6dc14d0_0, 0, 1;
    %pushi/vec4 0, 0, 2;
    %store/vec4 v0x59b4c6dc12a0_0, 0, 2;
    %pushi/vec4 0, 0, 32;
    %store/vec4 v0x59b4c6dc0ef0_0, 0, 32;
    %alloc S_0x59b4c6d9e160;
    %fork TD_fetch_stage_tb.check_pc, S_0x59b4c6d9e160;
    %join;
    %free S_0x59b4c6d9e160;
    %pushi/vec4 2, 0, 32;
T_5.2 %dup/vec4;
    %pushi/vec4 0, 0, 32;
    %cmp/s;
    %jmp/1xz T_5.3, 5;
    %jmp/1 T_5.3, 4;
    %pushi/vec4 1, 0, 32;
    %sub;
    %load/vec4 v0x59b4c6dc0ef0_0;
    %addi 4, 0, 32;
    %store/vec4 v0x59b4c6dc0ef0_0, 0, 32;
    %wait E_0x59b4c6da32c0;
    %alloc S_0x59b4c6d9e160;
    %fork TD_fetch_stage_tb.check_pc, S_0x59b4c6d9e160;
    %join;
    %free S_0x59b4c6d9e160;
    %jmp T_5.2;
T_5.3 ;
    %pop/vec4 1;
    %pushi/vec4 1, 0, 2;
    %store/vec4 v0x59b4c6dc12a0_0, 0, 2;
    %load/vec4 v0x59b4c6dc1400_0;
    %store/vec4 v0x59b4c6dc0ef0_0, 0, 32;
    %wait E_0x59b4c6da32c0;
    %alloc S_0x59b4c6d9e160;
    %fork TD_fetch_stage_tb.check_pc, S_0x59b4c6d9e160;
    %join;
    %free S_0x59b4c6d9e160;
    %pushi/vec4 2, 0, 2;
    %store/vec4 v0x59b4c6dc12a0_0, 0, 2;
    %load/vec4 v0x59b4c6dc1070_0;
    %store/vec4 v0x59b4c6dc0ef0_0, 0, 32;
    %wait E_0x59b4c6da32c0;
    %alloc S_0x59b4c6d9e160;
    %fork TD_fetch_stage_tb.check_pc, S_0x59b4c6d9e160;
    %join;
    %free S_0x59b4c6d9e160;
    %pushi/vec4 3, 0, 2;
    %store/vec4 v0x59b4c6dc12a0_0, 0, 2;
    %load/vec4 v0x59b4c6dc1360_0;
    %store/vec4 v0x59b4c6dc0ef0_0, 0, 32;
    %wait E_0x59b4c6da32c0;
    %alloc S_0x59b4c6d9e160;
    %fork TD_fetch_stage_tb.check_pc, S_0x59b4c6d9e160;
    %join;
    %free S_0x59b4c6d9e160;
    %pushi/vec4 0, 0, 2;
    %store/vec4 v0x59b4c6dc12a0_0, 0, 2;
    %pushi/vec4 1, 0, 1;
    %store/vec4 v0x59b4c6dc1600_0, 0, 1;
    %wait E_0x59b4c6da32c0;
    %delay 1000, 0;
    %load/vec4 v0x59b4c6dc0fd0_0;
    %load/vec4 v0x59b4c6dc0ef0_0;
    %cmp/ne;
    %jmp/0xz  T_5.4, 6;
    %vpi_call/w 3 133 "$display", "\342\235\214 ERROR: Stall failed!" {0 0 0};
    %vpi_call/w 3 134 "$fatal" {0 0 0};
    %jmp T_5.5;
T_5.4 ;
    %vpi_call/w 3 137 "$display", "\342\234\205 PASS: Stall held PC" {0 0 0};
T_5.5 ;
    %pushi/vec4 0, 0, 1;
    %store/vec4 v0x59b4c6dc1600_0, 0, 1;
    %vpi_call/w 3 141 "$display", "All tests PASSED." {0 0 0};
    %vpi_call/w 3 142 "$finish" {0 0 0};
    %end;
    .thread T_5;
    .scope S_0x59b4c6d9dfd0;
T_6 ;
    %vpi_call/w 3 146 "$dumpfile", "fetch_tb.vcd" {0 0 0};
    %vpi_call/w 3 147 "$dumpvars", 32'sb00000000000000000000000000000000, S_0x59b4c6d9dfd0 {0 0 0};
    %vpi_call/w 3 148 "$dumpvars", 32'sb00000000000000000000000000000001, S_0x59b4c6d5c490 {0 0 0};
    %end;
    .thread T_6;
# The file index is used to find the file name in the following table.
:file_names 7;
    "N/A";
    "<interactive>";
    "-";
    "fetch_tb.sv";
    "../fetch_stage.sv";
    "../../../../../common/adder.sv";
    "../../../../../common/flop.sv";
